// Vitest Snapshot v1, https://vitest.dev/guide/snapshot.html

exports[`IndexPage Component > Should render correctly 1`] = `<!---->`;
