// Vitest Snapshot v1, https://vitest.dev/guide/snapshot.html

exports[`DialogVehicle Component > Should render correctly 1`] = `
<div
  data-v-app=""
>
  
  <!--teleport start-->
  <!--teleport end-->
  
</div>
`;
